Archive member included to satisfy reference by file (symbol)

f:/st/stm32cubeide_1.7.0/stm32cubeide/plugins/com.st.stm32cube.ide.mcu.externaltools.gnu-tools-for-stm32.9-2020-q2-update.win32_2.0.0.202105311346/tools/bin/../lib/gcc/arm-none-eabi/9.3.1/../../../../arm-none-eabi/lib/thumb/v7-m/nofp\libc_nano.a(lib_a-errno.o)
                              ./Core/Src/syscalls.o (__errno)
f:/st/stm32cubeide_1.7.0/stm32cubeide/plugins/com.st.stm32cube.ide.mcu.externaltools.gnu-tools-for-stm32.9-2020-q2-update.win32_2.0.0.202105311346/tools/bin/../lib/gcc/arm-none-eabi/9.3.1/../../../../arm-none-eabi/lib/thumb/v7-m/nofp\libc_nano.a(lib_a-exit.o)
                              f:/st/stm32cubeide_1.7.0/stm32cubeide/plugins/com.st.stm32cube.ide.mcu.externaltools.gnu-tools-for-stm32.9-2020-q2-update.win32_2.0.0.202105311346/tools/bin/../lib/gcc/arm-none-eabi/9.3.1/../../../../arm-none-eabi/lib/thumb/v7-m/nofp/crt0.o (exit)
f:/st/stm32cubeide_1.7.0/stm32cubeide/plugins/com.st.stm32cube.ide.mcu.externaltools.gnu-tools-for-stm32.9-2020-q2-update.win32_2.0.0.202105311346/tools/bin/../lib/gcc/arm-none-eabi/9.3.1/../../../../arm-none-eabi/lib/thumb/v7-m/nofp\libc_nano.a(lib_a-impure.o)
                              f:/st/stm32cubeide_1.7.0/stm32cubeide/plugins/com.st.stm32cube.ide.mcu.externaltools.gnu-tools-for-stm32.9-2020-q2-update.win32_2.0.0.202105311346/tools/bin/../lib/gcc/arm-none-eabi/9.3.1/../../../../arm-none-eabi/lib/thumb/v7-m/nofp\libc_nano.a(lib_a-exit.o) (_global_impure_ptr)
f:/st/stm32cubeide_1.7.0/stm32cubeide/plugins/com.st.stm32cube.ide.mcu.externaltools.gnu-tools-for-stm32.9-2020-q2-update.win32_2.0.0.202105311346/tools/bin/../lib/gcc/arm-none-eabi/9.3.1/../../../../arm-none-eabi/lib/thumb/v7-m/nofp\libc_nano.a(lib_a-init.o)
                              f:/st/stm32cubeide_1.7.0/stm32cubeide/plugins/com.st.stm32cube.ide.mcu.externaltools.gnu-tools-for-stm32.9-2020-q2-update.win32_2.0.0.202105311346/tools/bin/../lib/gcc/arm-none-eabi/9.3.1/../../../../arm-none-eabi/lib/thumb/v7-m/nofp/crt0.o (__libc_init_array)
f:/st/stm32cubeide_1.7.0/stm32cubeide/plugins/com.st.stm32cube.ide.mcu.externaltools.gnu-tools-for-stm32.9-2020-q2-update.win32_2.0.0.202105311346/tools/bin/../lib/gcc/arm-none-eabi/9.3.1/../../../../arm-none-eabi/lib/thumb/v7-m/nofp\libc_nano.a(lib_a-memset.o)
                              f:/st/stm32cubeide_1.7.0/stm32cubeide/plugins/com.st.stm32cube.ide.mcu.externaltools.gnu-tools-for-stm32.9-2020-q2-update.win32_2.0.0.202105311346/tools/bin/../lib/gcc/arm-none-eabi/9.3.1/../../../../arm-none-eabi/lib/thumb/v7-m/nofp/crt0.o (memset)

Allocating common symbols
Common symbol       size              file

USERPath            0x4               ./FATFS/App/fatfs.o
FatFs               0x230             ./Core/Src/main.o
spiTimerTickStart   0x4               ./FATFS/Target/user_diskio_spi.o
uwTick              0x4               ./Drivers/STM32F1xx_HAL_Driver/Src/stm32f1xx_hal.o
pFlash              0x20              ./Drivers/STM32F1xx_HAL_Driver/Src/stm32f1xx_hal_flash.o
free_sectors        0x4               ./Core/Src/main.o
text                0x64              ./Core/Src/main.o
spiTimerTickDelay   0x4               ./FATFS/Target/user_diskio_spi.o
retUSER             0x1               ./FATFS/App/fatfs.o
hspi1               0x58              ./Core/Src/main.o
fres                0x1               ./Core/Src/main.o
fil                 0x22c             ./Core/Src/main.o
free_clusters       0x4               ./Core/Src/main.o
USERFile            0x22c             ./FATFS/App/fatfs.o
total_sectors       0x4               ./Core/Src/main.o
USERFatFS           0x230             ./FATFS/App/fatfs.o

Discarded input sections

 .text          0x0000000000000000        0x0 f:/st/stm32cubeide_1.7.0/stm32cubeide/plugins/com.st.stm32cube.ide.mcu.externaltools.gnu-tools-for-stm32.9-2020-q2-update.win32_2.0.0.202105311346/tools/bin/../lib/gcc/arm-none-eabi/9.3.1/thumb/v7-m/nofp/crti.o
 .data          0x0000000000000000        0x0 f:/st/stm32cubeide_1.7.0/stm32cubeide/plugins/com.st.stm32cube.ide.mcu.externaltools.gnu-tools-for-stm32.9-2020-q2-update.win32_2.0.0.202105311346/tools/bin/../lib/gcc/arm-none-eabi/9.3.1/thumb/v7-m/nofp/crti.o
 .bss           0x0000000000000000        0x0 f:/st/stm32cubeide_1.7.0/stm32cubeide/plugins/com.st.stm32cube.ide.mcu.externaltools.gnu-tools-for-stm32.9-2020-q2-update.win32_2.0.0.202105311346/tools/bin/../lib/gcc/arm-none-eabi/9.3.1/thumb/v7-m/nofp/crti.o
 .data          0x0000000000000000        0x4 f:/st/stm32cubeide_1.7.0/stm32cubeide/plugins/com.st.stm32cube.ide.mcu.externaltools.gnu-tools-for-stm32.9-2020-q2-update.win32_2.0.0.202105311346/tools/bin/../lib/gcc/arm-none-eabi/9.3.1/thumb/v7-m/nofp/crtbegin.o
[...]
Memory Configuration

Name             Origin             Length             Attributes
RAM              0x0000000020000000 0x0000000000010000 xrw
FLASH            0x0000000008000000 0x0000000000080000 xr
*default*        0x0000000000000000 0xffffffffffffffff

Linker script and memory map

LOAD f:/st/stm32cubeide_1.7.0/stm32cubeide/plugins/com.st.stm32cube.ide.mcu.externaltools.gnu-tools-for-stm32.9-2020-q2-update.win32_2.0.0.202105311346/tools/bin/../lib/gcc/arm-none-eabi/9.3.1/thumb/v7-m/nofp/crti.o
LOAD f:/st/stm32cubeide_1.7.0/stm32cubeide/plugins/com.st.stm32cube.ide.mcu.externaltools.gnu-tools-for-stm32.9-2020-q2-update.win32_2.0.0.202105311346/tools/bin/../lib/gcc/arm-none-eabi/9.3.1/thumb/v7-m/nofp/crtbegin.o
LOAD f:/st/stm32cubeide_1.7.0/stm32cubeide/plugins/com.st.stm32cube.ide.mcu.externaltools.gnu-tools-for-stm32.9-2020-q2-update.win32_2.0.0.202105311346/tools/bin/../lib/gcc/arm-none-eabi/9.3.1/../../../../arm-none-eabi/lib/thumb/v7-m/nofp/crt0.o
LOAD ./Core/Src/main.o
LOAD ./Core/Src/stm32f1xx_hal_msp.o
LOAD ./Core/Src/stm32f1xx_it.o
LOAD ./Core/Src/syscalls.o
LOAD ./Core/Src/sysmem.o
LOAD ./Core/Src/system_stm32f1xx.o
LOAD ./Core/Startup/startup_stm32f103retx.o
LOAD ./Drivers/STM32F1xx_HAL_Driver/Src/stm32f1xx_hal.o
LOAD ./Drivers/STM32F1xx_HAL_Driver/Src/stm32f1xx_hal_cortex.o
LOAD ./Drivers/STM32F1xx_HAL_Driver/Src/stm32f1xx_hal_dma.o
LOAD ./Drivers/STM32F1xx_HAL_Driver/Src/stm32f1xx_hal_exti.o
LOAD ./Drivers/STM32F1xx_HAL_Driver/Src/stm32f1xx_hal_flash.o
LOAD ./Drivers/STM32F1xx_HAL_Driver/Src/stm32f1xx_hal_flash_ex.o
LOAD ./Drivers/STM32F1xx_HAL_Driver/Src/stm32f1xx_hal_gpio.o
LOAD ./Drivers/STM32F1xx_HAL_Driver/Src/stm32f1xx_hal_gpio_ex.o
LOAD ./Drivers/STM32F1xx_HAL_Driver/Src/stm32f1xx_hal_pwr.o
LOAD ./Drivers/STM32F1xx_HAL_Driver/Src/stm32f1xx_hal_rcc.o
LOAD ./Drivers/STM32F1xx_HAL_Driver/Src/stm32f1xx_hal_rcc_ex.o
LOAD ./Drivers/STM32F1xx_HAL_Driver/Src/stm32f1xx_hal_spi.o
LOAD ./Drivers/STM32F1xx_HAL_Driver/Src/stm32f1xx_hal_tim.o
LOAD ./Drivers/STM32F1xx_HAL_Driver/Src/stm32f1xx_hal_tim_ex.o
LOAD ./FATFS/App/fatfs.o
LOAD ./FATFS/Target/user_diskio.o
LOAD ./FATFS/Target/user_diskio_spi.o
LOAD ./Middlewares/Third_Party/FatFs/src/diskio.o
LOAD ./Middlewares/Third_Party/FatFs/src/ff.o
LOAD ./Middlewares/Third_Party/FatFs/src/ff_gen_drv.o
LOAD ./Middlewares/Third_Party/FatFs/src/option/syscall.o
START GROUP
LOAD f:/st/stm32cubeide_1.7.0/stm32cubeide/plugins/com.st.stm32cube.ide.mcu.externaltools.gnu-tools-for-stm32.9-2020-q2-update.win32_2.0.0.202105311346/tools/bin/../lib/gcc/arm-none-eabi/9.3.1/../../../../arm-none-eabi/lib/thumb/v7-m/nofp\libc_nano.a
LOAD f:/st/stm32cubeide_1.7.0/stm32cubeide/plugins/com.st.stm32cube.ide.mcu.externaltools.gnu-tools-for-stm32.9-2020-q2-update.win32_2.0.0.202105311346/tools/bin/../lib/gcc/arm-none-eabi/9.3.1/../../../../arm-none-eabi/lib/thumb/v7-m/nofp\libm.a
END GROUP
START GROUP
LOAD f:/st/stm32cubeide_1.7.0/stm32cubeide/plugins/com.st.stm32cube.ide.mcu.externaltools.gnu-tools-for-stm32.9-2020-q2-update.win32_2.0.0.202105311346/tools/bin/../lib/gcc/arm-none-eabi/9.3.1/thumb/v7-m/nofp\libgcc.a
LOAD f:/st/stm32cubeide_1.7.0/stm32cubeide/plugins/com.st.stm32cube.ide.mcu.externaltools.gnu-tools-for-stm32.9-2020-q2-update.win32_2.0.0.202105311346/tools/bin/../lib/gcc/arm-none-eabi/9.3.1/../../../../arm-none-eabi/lib/thumb/v7-m/nofp\libc_nano.a
END GROUP
START GROUP
LOAD f:/st/stm32cubeide_1.7.0/stm32cubeide/plugins/com.st.stm32cube.ide.mcu.externaltools.gnu-tools-for-stm32.9-2020-q2-update.win32_2.0.0.202105311346/tools/bin/../lib/gcc/arm-none-eabi/9.3.1/thumb/v7-m/nofp\libgcc.a
LOAD f:/st/stm32cubeide_1.7.0/stm32cubeide/plugins/com.st.stm32cube.ide.mcu.externaltools.gnu-tools-for-stm32.9-2020-q2-update.win32_2.0.0.202105311346/tools/bin/../lib/gcc/arm-none-eabi/9.3.1/../../../../arm-none-eabi/lib/thumb/v7-m/nofp\libc_nano.a
LOAD f:/st/stm32cubeide_1.7.0/stm32cubeide/plugins/com.st.stm32cube.ide.mcu.externaltools.gnu-tools-for-stm32.9-2020-q2-update.win32_2.0.0.202105311346/tools/bin/../lib/gcc/arm-none-eabi/9.3.1/../../../../arm-none-eabi/lib/thumb/v7-m/nofp\libnosys.a
END GROUP
START GROUP
LOAD f:/st/stm32cubeide_1.7.0/stm32cubeide/plugins/com.st.stm32cube.ide.mcu.externaltools.gnu-tools-for-stm32.9-2020-q2-update.win32_2.0.0.202105311346/tools/bin/../lib/gcc/arm-none-eabi/9.3.1/thumb/v7-m/nofp\libgcc.a
LOAD f:/st/stm32cubeide_1.7.0/stm32cubeide/plugins/com.st.stm32cube.ide.mcu.externaltools.gnu-tools-for-stm32.9-2020-q2-update.win32_2.0.0.202105311346/tools/bin/../lib/gcc/arm-none-eabi/9.3.1/../../../../arm-none-eabi/lib/thumb/v7-m/nofp\libc_nano.a
LOAD f:/st/stm32cubeide_1.7.0/stm32cubeide/plugins/com.st.stm32cube.ide.mcu.externaltools.gnu-tools-for-stm32.9-2020-q2-update.win32_2.0.0.202105311346/tools/bin/../lib/gcc/arm-none-eabi/9.3.1/../../../../arm-none-eabi/lib/thumb/v7-m/nofp\libnosys.a
END GROUP
LOAD f:/st/stm32cubeide_1.7.0/stm32cubeide/plugins/com.st.stm32cube.ide.mcu.externaltools.gnu-tools-for-stm32.9-2020-q2-update.win32_2.0.0.202105311346/tools/bin/../lib/gcc/arm-none-eabi/9.3.1/thumb/v7-m/nofp/crtend.o
LOAD f:/st/stm32cubeide_1.7.0/stm32cubeide/plugins/com.st.stm32cube.ide.mcu.externaltools.gnu-tools-for-stm32.9-2020-q2-update.win32_2.0.0.202105311346/tools/bin/../lib/gcc/arm-none-eabi/9.3.1/thumb/v7-m/nofp/crtn.o
                0x0000000020010000                _estack = (ORIGIN (RAM) + LENGTH (RAM))
                0x0000000000000200                _Min_Heap_Size = 0x200
                0x0000000000000400                _Min_Stack_Size = 0x400

.isr_vector     0x0000000008000000      0x1e4
                0x0000000008000000                . = ALIGN (0x4)
 *(.isr_vector)
 .isr_vector    0x0000000008000000      0x1e4 ./Core/Startup/startup_stm32f103retx.o
                0x0000000008000000                g_pfnVectors
                0x00000000080001e4                . = ALIGN (0x4)

.text           0x00000000080001e4     0x2274
                0x00000000080001e4                . = ALIGN (0x4)
 *(.text)
 .text          0x00000000080001e4       0x40 f:/st/stm32cubeide_1.7.0/stm32cubeide/plugins/com.st.stm32cube.ide.mcu.externaltools.gnu-tools-for-stm32.9-2020-q2-update.win32_2.0.0.202105311346/tools/bin/../lib/gcc/arm-none-eabi/9.3.1/thumb/v7-m/nofp/crtbegin.o
 *(.text*)
 .text.main     0x0000000008000224       0x1a ./Core/Src/main.o
                0x0000000008000224                main
 .text.SystemClock_Config
                0x000000000800023e       0x8a ./Core/Src/main.o
                0x000000000800023e                SystemClock_Config
 .text.MX_SPI1_Init
                0x00000000080002c8       0x6c ./Core/Src/main.o
 .text.MX_GPIO_Init
                0x0000000008000334       0x7c ./Core/Src/main.o
 .text.Error_Handler
                0x00000000080003b0        0xa ./Core/Src/main.o
                0x00000000080003b0                Error_Handler
 *fill*         0x00000000080003ba        0x2 
 .text.HAL_MspInit
                0x00000000080003bc       0x64 ./Core/Src/stm32f1xx_hal_msp.o
                0x00000000080003bc                HAL_MspInit
 .text.HAL_SPI_MspInit
                0x0000000008000420       0x94 ./Core/Src/stm32f1xx_hal_msp.o
                0x0000000008000420                HAL_SPI_MspInit
 .text.NMI_Handler
                0x00000000080004b4        0x6 ./Core/Src/stm32f1xx_it.o
                0x00000000080004b4                NMI_Handler
 .text.HardFault_Handler
                0x00000000080004ba        0x6 ./Core/Src/stm32f1xx_it.o
                0x00000000080004ba                HardFault_Handler
 .text.MemManage_Handler
                0x00000000080004c0        0x6 ./Core/Src/stm32f1xx_it.o
                0x00000000080004c0                MemManage_Handler
 .text.BusFault_Handler
                0x00000000080004c6        0x6 ./Core/Src/stm32f1xx_it.o
                0x00000000080004c6                BusFault_Handler
 .text.UsageFault_Handler
                0x00000000080004cc        0x6 ./Core/Src/stm32f1xx_it.o
                0x00000000080004cc                UsageFault_Handler
 .text.SVC_Handler
                0x00000000080004d2        0xc ./Core/Src/stm32f1xx_it.o
                0x00000000080004d2                SVC_Handler
 .text.DebugMon_Handler
                0x00000000080004de        0xc ./Core/Src/stm32f1xx_it.o
                0x00000000080004de                DebugMon_Handler
 .text.PendSV_Handler
                0x00000000080004ea        0xc ./Core/Src/stm32f1xx_it.o
                0x00000000080004ea                PendSV_Handler
 .text.SysTick_Handler
                0x00000000080004f6        0xc ./Core/Src/stm32f1xx_it.o
                0x00000000080004f6                SysTick_Handler
 .text.SystemInit
                0x0000000008000502        0xc ./Core/Src/system_stm32f1xx.o
                0x0000000008000502                SystemInit
 *fill*         0x000000000800050e        0x2 
 .text.Reset_Handler
                0x0000000008000510       0x48 ./Core/Startup/startup_stm32f103retx.o
                0x0000000008000510                Reset_Handler
 .text.Default_Handler
                0x0000000008000558        0x2 ./Core/Startup/startup_stm32f103retx.o
                0x0000000008000558                RTC_Alarm_IRQHandler
                0x0000000008000558                EXTI2_IRQHandler
                0x0000000008000558                TIM8_TRG_COM_IRQHandler
                0x0000000008000558                TIM8_CC_IRQHandler
                0x0000000008000558                TIM1_CC_IRQHandler
                0x0000000008000558                TIM6_IRQHandler
                0x0000000008000558                PVD_IRQHandler
                0x0000000008000558                SDIO_IRQHandler
                0x0000000008000558                EXTI3_IRQHandler
                0x0000000008000558                EXTI0_IRQHandler
                0x0000000008000558                I2C2_EV_IRQHandler
                0x0000000008000558                ADC1_2_IRQHandler
                0x0000000008000558                SPI1_IRQHandler
                0x0000000008000558                TAMPER_IRQHandler
                0x0000000008000558                TIM8_UP_IRQHandler
                0x0000000008000558                DMA2_Channel2_IRQHandler
                0x0000000008000558                DMA1_Channel4_IRQHandler
                0x0000000008000558                USART3_IRQHandler
                0x0000000008000558                RTC_IRQHandler
                0x0000000008000558                DMA1_Channel7_IRQHandler
                0x0000000008000558                CAN1_RX1_IRQHandler
                0x0000000008000558                UART5_IRQHandler
                0x0000000008000558                ADC3_IRQHandler
                0x0000000008000558                TIM4_IRQHandler
                0x0000000008000558                DMA2_Channel1_IRQHandler
                0x0000000008000558                I2C1_EV_IRQHandler
                0x0000000008000558                DMA1_Channel6_IRQHandler
                0x0000000008000558                UART4_IRQHandler
                0x0000000008000558                TIM3_IRQHandler
                0x0000000008000558                RCC_IRQHandler
                0x0000000008000558                TIM1_TRG_COM_IRQHandler
                0x0000000008000558                DMA1_Channel1_IRQHandler
                0x0000000008000558                Default_Handler
                0x0000000008000558                EXTI15_10_IRQHandler
                0x0000000008000558                TIM7_IRQHandler
                0x0000000008000558                TIM5_IRQHandler
                0x0000000008000558                EXTI9_5_IRQHandler
                0x0000000008000558                SPI2_IRQHandler
                0x0000000008000558                DMA1_Channel5_IRQHandler
                0x0000000008000558                EXTI4_IRQHandler
                0x0000000008000558                USB_LP_CAN1_RX0_IRQHandler
                0x0000000008000558                USB_HP_CAN1_TX_IRQHandler
                0x0000000008000558                DMA1_Channel3_IRQHandler
                0x0000000008000558                FSMC_IRQHandler
                0x0000000008000558                TIM1_UP_IRQHandler
                0x0000000008000558                WWDG_IRQHandler
                0x0000000008000558                TIM2_IRQHandler
                0x0000000008000558                TIM1_BRK_IRQHandler
                0x0000000008000558                EXTI1_IRQHandler
                0x0000000008000558                DMA2_Channel4_5_IRQHandler
                0x0000000008000558                USART2_IRQHandler
                0x0000000008000558                I2C2_ER_IRQHandler
                0x0000000008000558                DMA1_Channel2_IRQHandler
                0x0000000008000558                TIM8_BRK_IRQHandler
                0x0000000008000558                CAN1_SCE_IRQHandler
                0x0000000008000558                FLASH_IRQHandler
                0x0000000008000558                USART1_IRQHandler
                0x0000000008000558                SPI3_IRQHandler
                0x0000000008000558                I2C1_ER_IRQHandler
                0x0000000008000558                USBWakeUp_IRQHandler
                0x0000000008000558                DMA2_Channel3_IRQHandler
 *fill*         0x000000000800055a        0x2 
 .text.HAL_Init
                0x000000000800055c       0x2c ./Drivers/STM32F1xx_HAL_Driver/Src/stm32f1xx_hal.o
                0x000000000800055c                HAL_Init
 .text.HAL_InitTick
                0x0000000008000588       0x60 ./Drivers/STM32F1xx_HAL_Driver/Src/stm32f1xx_hal.o
                0x0000000008000588                HAL_InitTick
 .text.HAL_IncTick
                0x00000000080005e8       0x24 ./Drivers/STM32F1xx_HAL_Driver/Src/stm32f1xx_hal.o
                0x00000000080005e8                HAL_IncTick
 .text.HAL_GetTick
                0x000000000800060c       0x14 ./Drivers/STM32F1xx_HAL_Driver/Src/stm32f1xx_hal.o
                0x000000000800060c                HAL_GetTick
 .text.__NVIC_SetPriorityGrouping
                0x0000000008000620       0x48 ./Drivers/STM32F1xx_HAL_Driver/Src/stm32f1xx_hal_cortex.o
 .text.__NVIC_GetPriorityGrouping
                0x0000000008000668       0x1c ./Drivers/STM32F1xx_HAL_Driver/Src/stm32f1xx_hal_cortex.o
 .text.__NVIC_SetPriority
                0x0000000008000684       0x54 ./Drivers/STM32F1xx_HAL_Driver/Src/stm32f1xx_hal_cortex.o
 .text.NVIC_EncodePriority
                0x00000000080006d8       0x64 ./Drivers/STM32F1xx_HAL_Driver/Src/stm32f1xx_hal_cortex.o
 .text.SysTick_Config
                0x000000000800073c       0x44 ./Drivers/STM32F1xx_HAL_Driver/Src/stm32f1xx_hal_cortex.o
 .text.HAL_NVIC_SetPriorityGrouping
                0x0000000008000780       0x16 ./Drivers/STM32F1xx_HAL_Driver/Src/stm32f1xx_hal_cortex.o
                0x0000000008000780                HAL_NVIC_SetPriorityGrouping
 .text.HAL_NVIC_SetPriority
                0x0000000008000796       0x38 ./Drivers/STM32F1xx_HAL_Driver/Src/stm32f1xx_hal_cortex.o
                0x0000000008000796                HAL_NVIC_SetPriority
 .text.HAL_SYSTICK_Config
                0x00000000080007ce       0x18 ./Drivers/STM32F1xx_HAL_Driver/Src/stm32f1xx_hal_cortex.o
                0x00000000080007ce                HAL_SYSTICK_Config
 *fill*         0x00000000080007e6        0x2 
 .text.HAL_GPIO_Init
                0x00000000080007e8      0x328 ./Drivers/STM32F1xx_HAL_Driver/Src/stm32f1xx_hal_gpio.o
                0x00000000080007e8                HAL_GPIO_Init
 .text.HAL_GPIO_WritePin
                0x0000000008000b10       0x30 ./Drivers/STM32F1xx_HAL_Driver/Src/stm32f1xx_hal_gpio.o
                0x0000000008000b10                HAL_GPIO_WritePin
 .text.HAL_RCC_OscConfig
                0x0000000008000b40      0x500 ./Drivers/STM32F1xx_HAL_Driver/Src/stm32f1xx_hal_rcc.o
                0x0000000008000b40                HAL_RCC_OscConfig
 .text.HAL_RCC_ClockConfig
                0x0000000008001040      0x1d4 ./Drivers/STM32F1xx_HAL_Driver/Src/stm32f1xx_hal_rcc.o
                0x0000000008001040                HAL_RCC_ClockConfig
 .text.HAL_RCC_GetSysClockFreq
                0x0000000008001214       0xc0 ./Drivers/STM32F1xx_HAL_Driver/Src/stm32f1xx_hal_rcc.o
                0x0000000008001214                HAL_RCC_GetSysClockFreq
 .text.RCC_Delay
                0x00000000080012d4       0x3c ./Drivers/STM32F1xx_HAL_Driver/Src/stm32f1xx_hal_rcc.o
 .text.HAL_SPI_Init
                0x0000000008001310      0x108 ./Drivers/STM32F1xx_HAL_Driver/Src/stm32f1xx_hal_spi.o
                0x0000000008001310                HAL_SPI_Init
 .text.HAL_SPI_TransmitReceive
                0x0000000008001418      0x344 ./Drivers/STM32F1xx_HAL_Driver/Src/stm32f1xx_hal_spi.o
                0x0000000008001418                HAL_SPI_TransmitReceive
 .text.SPI_WaitFlagStateUntilTimeout
                0x000000000800175c      0x110 ./Drivers/STM32F1xx_HAL_Driver/Src/stm32f1xx_hal_spi.o
 .text.SPI_EndRxTxTransaction
                0x000000000800186c       0x3c ./Drivers/STM32F1xx_HAL_Driver/Src/stm32f1xx_hal_spi.o
 .text.MX_FATFS_Init
                0x00000000080018a8       0x24 ./FATFS/App/fatfs.o
                0x00000000080018a8                MX_FATFS_Init
 .text.USER_initialize
                0x00000000080018cc       0x1c ./FATFS/Target/user_diskio.o
                0x00000000080018cc                USER_initialize
 .text.USER_status
                0x00000000080018e8       0x1c ./FATFS/Target/user_diskio.o
                0x00000000080018e8                USER_status
 .text.USER_read
                0x0000000008001904       0x26 ./FATFS/Target/user_diskio.o
                0x0000000008001904                USER_read
 .text.USER_write
                0x000000000800192a       0x26 ./FATFS/Target/user_diskio.o
                0x000000000800192a                USER_write
 .text.USER_ioctl
                0x0000000008001950       0x26 ./FATFS/Target/user_diskio.o
                0x0000000008001950                USER_ioctl
 *fill*         0x0000000008001976        0x2 
 .text.SPI_Timer_On
                0x0000000008001978       0x28 ./FATFS/Target/user_diskio_spi.o
                0x0000000008001978                SPI_Timer_On
 .text.SPI_Timer_Status
                0x00000000080019a0       0x2c ./FATFS/Target/user_diskio_spi.o
                0x00000000080019a0                SPI_Timer_Status
 .text.xchg_spi
                0x00000000080019cc       0x2c ./FATFS/Target/user_diskio_spi.o
 .text.rcvr_spi_multi
                0x00000000080019f8       0x38 ./FATFS/Target/user_diskio_spi.o
 .text.xmit_spi_multi
                0x0000000008001a30       0x36 ./FATFS/Target/user_diskio_spi.o
 .text.wait_ready
                0x0000000008001a66       0x46 ./FATFS/Target/user_diskio_spi.o
 .text.despiselect
                0x0000000008001aac       0x1c ./FATFS/Target/user_diskio_spi.o
 .text.spiselect
                0x0000000008001ac8       0x34 ./FATFS/Target/user_diskio_spi.o
 .text.rcvr_datablock
                0x0000000008001afc       0x52 ./FATFS/Target/user_diskio_spi.o
 .text.xmit_datablock
                0x0000000008001b4e       0x64 ./FATFS/Target/user_diskio_spi.o
 .text.send_cmd
                0x0000000008001bb2       0xde ./FATFS/Target/user_diskio_spi.o
 .text.USER_SPI_initialize
                0x0000000008001c90      0x1d8 ./FATFS/Target/user_diskio_spi.o
                0x0000000008001c90                USER_SPI_initialize
 .text.USER_SPI_status
                0x0000000008001e68       0x28 ./FATFS/Target/user_diskio_spi.o
                0x0000000008001e68                USER_SPI_status
 .text.USER_SPI_read
                0x0000000008001e90       0xcc ./FATFS/Target/user_diskio_spi.o
                0x0000000008001e90                USER_SPI_read
 .text.USER_SPI_write
                0x0000000008001f5c       0xf8 ./FATFS/Target/user_diskio_spi.o
                0x0000000008001f5c                USER_SPI_write
 .text.USER_SPI_ioctl
                0x0000000008002054      0x2e0 ./FATFS/Target/user_diskio_spi.o
                0x0000000008002054                USER_SPI_ioctl
 .text.FATFS_LinkDriverEx
                0x0000000008002334       0x94 ./Middlewares/Third_Party/FatFs/src/ff_gen_drv.o
                0x0000000008002334                FATFS_LinkDriverEx
 .text.FATFS_LinkDriver
                0x00000000080023c8       0x1e ./Middlewares/Third_Party/FatFs/src/ff_gen_drv.o
                0x00000000080023c8                FATFS_LinkDriver
 *fill*         0x00000000080023e6        0x2 
 .text.__libc_init_array
                0x00000000080023e8       0x48 f:/st/stm32cubeide_1.7.0/stm32cubeide/plugins/com.st.stm32cube.ide.mcu.externaltools.gnu-tools-for-stm32.9-2020-q2-update.win32_2.0.0.202105311346/tools/bin/../lib/gcc/arm-none-eabi/9.3.1/../../../../arm-none-eabi/lib/thumb/v7-m/nofp\libc_nano.a(lib_a-init.o)
                0x00000000080023e8                __libc_init_array
 .text.memset   0x0000000008002430       0x10 f:/st/stm32cubeide_1.7.0/stm32cubeide/plugins/com.st.stm32cube.ide.mcu.externaltools.gnu-tools-for-stm32.9-2020-q2-update.win32_2.0.0.202105311346/tools/bin/../lib/gcc/arm-none-eabi/9.3.1/../../../../arm-none-eabi/lib/thumb/v7-m/nofp\libc_nano.a(lib_a-memset.o)
                0x0000000008002430                memset
 *(.glue_7)
 .glue_7        0x0000000008002440        0x0 linker stubs
 *(.glue_7t)
 .glue_7t       0x0000000008002440        0x0 linker stubs
 *(.eh_frame)
 .eh_frame      0x0000000008002440        0x0 f:/st/stm32cubeide_1.7.0/stm32cubeide/plugins/com.st.stm32cube.ide.mcu.externaltools.gnu-tools-for-stm32.9-2020-q2-update.win32_2.0.0.202105311346/tools/bin/../lib/gcc/arm-none-eabi/9.3.1/thumb/v7-m/nofp/crtbegin.o
 *(.init)
 .init          0x0000000008002440        0x4 f:/st/stm32cubeide_1.7.0/stm32cubeide/plugins/com.st.stm32cube.ide.mcu.externaltools.gnu-tools-for-stm32.9-2020-q2-update.win32_2.0.0.202105311346/tools/bin/../lib/gcc/arm-none-eabi/9.3.1/thumb/v7-m/nofp/crti.o
                0x0000000008002440                _init
 .init          0x0000000008002444        0x8 f:/st/stm32cubeide_1.7.0/stm32cubeide/plugins/com.st.stm32cube.ide.mcu.externaltools.gnu-tools-for-stm32.9-2020-q2-update.win32_2.0.0.202105311346/tools/bin/../lib/gcc/arm-none-eabi/9.3.1/thumb/v7-m/nofp/crtn.o
 *(.fini)
 .fini          0x000000000800244c        0x4 f:/st/stm32cubeide_1.7.0/stm32cubeide/plugins/com.st.stm32cube.ide.mcu.externaltools.gnu-tools-for-stm32.9-2020-q2-update.win32_2.0.0.202105311346/tools/bin/../lib/gcc/arm-none-eabi/9.3.1/thumb/v7-m/nofp/crti.o
                0x000000000800244c                _fini
 .fini          0x0000000008002450        0x8 f:/st/stm32cubeide_1.7.0/stm32cubeide/plugins/com.st.stm32cube.ide.mcu.externaltools.gnu-tools-for-stm32.9-2020-q2-update.win32_2.0.0.202105311346/tools/bin/../lib/gcc/arm-none-eabi/9.3.1/thumb/v7-m/nofp/crtn.o
                0x0000000008002458                . = ALIGN (0x4)
                0x0000000008002458                _etext = .

.vfp11_veneer   0x0000000008002458        0x0
 .vfp11_veneer  0x0000000008002458        0x0 linker stubs

.v4_bx          0x0000000008002458        0x0
 .v4_bx         0x0000000008002458        0x0 linker stubs

.iplt           0x0000000008002458        0x0
 .iplt          0x0000000008002458        0x0 f:/st/stm32cubeide_1.7.0/stm32cubeide/plugins/com.st.stm32cube.ide.mcu.externaltools.gnu-tools-for-stm32.9-2020-q2-update.win32_2.0.0.202105311346/tools/bin/../lib/gcc/arm-none-eabi/9.3.1/thumb/v7-m/nofp/crtbegin.o

.rodata         0x0000000008002458       0x20
                0x0000000008002458                . = ALIGN (0x4)
 *(.rodata)
 .rodata        0x0000000008002458       0x10 ./Drivers/STM32F1xx_HAL_Driver/Src/stm32f1xx_hal_rcc.o
 *(.rodata*)
 .rodata.AHBPrescTable
                0x0000000008002468       0x10 ./Core/Src/system_stm32f1xx.o
                0x0000000008002468                AHBPrescTable
                0x0000000008002478                . = ALIGN (0x4)

.rel.dyn        0x0000000008002478        0x0
 .rel.iplt      0x0000000008002478        0x0 f:/st/stm32cubeide_1.7.0/stm32cubeide/plugins/com.st.stm32cube.ide.mcu.externaltools.gnu-tools-for-stm32.9-2020-q2-update.win32_2.0.0.202105311346/tools/bin/../lib/gcc/arm-none-eabi/9.3.1/thumb/v7-m/nofp/crtbegin.o

.ARM.extab      0x0000000008002478        0x0
                0x0000000008002478                . = ALIGN (0x4)
 *(.ARM.extab* .gnu.linkonce.armextab.*)
                0x0000000008002478                . = ALIGN (0x4)

.ARM            0x0000000008002478        0x0
                0x0000000008002478                . = ALIGN (0x4)
                0x0000000008002478                __exidx_start = .
 *(.ARM.exidx*)
                0x0000000008002478                __exidx_end = .
                0x0000000008002478                . = ALIGN (0x4)

.preinit_array  0x0000000008002478        0x0
                0x0000000008002478                . = ALIGN (0x4)
                0x0000000008002478                PROVIDE (__preinit_array_start = .)
 *(.preinit_array*)
                0x0000000008002478                PROVIDE (__preinit_array_end = .)
                0x0000000008002478                . = ALIGN (0x4)

.init_array     0x0000000008002478        0x4
                0x0000000008002478                . = ALIGN (0x4)
                0x0000000008002478                PROVIDE (__init_array_start = .)
 *(SORT_BY_NAME(.init_array.*))
 *(.init_array*)
 .init_array    0x0000000008002478        0x4 f:/st/stm32cubeide_1.7.0/stm32cubeide/plugins/com.st.stm32cube.ide.mcu.externaltools.gnu-tools-for-stm32.9-2020-q2-update.win32_2.0.0.202105311346/tools/bin/../lib/gcc/arm-none-eabi/9.3.1/thumb/v7-m/nofp/crtbegin.o
                0x000000000800247c                PROVIDE (__init_array_end = .)
                0x000000000800247c                . = ALIGN (0x4)

.fini_array     0x000000000800247c        0x4
                0x000000000800247c                . = ALIGN (0x4)
                [!provide]                        PROVIDE (__fini_array_start = .)
 *(SORT_BY_NAME(.fini_array.*))
 *(.fini_array*)
 .fini_array    0x000000000800247c        0x4 f:/st/stm32cubeide_1.7.0/stm32cubeide/plugins/com.st.stm32cube.ide.mcu.externaltools.gnu-tools-for-stm32.9-2020-q2-update.win32_2.0.0.202105311346/tools/bin/../lib/gcc/arm-none-eabi/9.3.1/thumb/v7-m/nofp/crtbegin.o
                [!provide]                        PROVIDE (__fini_array_end = .)
                0x0000000008002480                . = ALIGN (0x4)
                0x0000000008002480                _sidata = LOADADDR (.data)

.data           0x0000000020000000       0x24 load address 0x0000000008002480
                0x0000000020000000                . = ALIGN (0x4)
                0x0000000020000000                _sdata = .
 *(.data)
 *(.data*)
 .data.SystemCoreClock
                0x0000000020000000        0x4 ./Core/Src/system_stm32f1xx.o
                0x0000000020000000                SystemCoreClock
 .data.uwTickPrio
                0x0000000020000004        0x4 ./Drivers/STM32F1xx_HAL_Driver/Src/stm32f1xx_hal.o
                0x0000000020000004                uwTickPrio
 .data.uwTickFreq
                0x0000000020000008        0x1 ./Drivers/STM32F1xx_HAL_Driver/Src/stm32f1xx_hal.o
                0x0000000020000008                uwTickFreq
 *fill*         0x0000000020000009        0x3 
 .data.USER_Driver
                0x000000002000000c       0x14 ./FATFS/Target/user_diskio.o
                0x000000002000000c                USER_Driver
 .data.Stat     0x0000000020000020        0x1 ./FATFS/Target/user_diskio_spi.o
 *(.RamFunc)
 *(.RamFunc*)
                0x0000000020000024                . = ALIGN (0x4)
 *fill*         0x0000000020000021        0x3 
                0x0000000020000024                _edata = .

.igot.plt       0x0000000020000024        0x0 load address 0x00000000080024a4
 .igot.plt      0x0000000020000024        0x0 f:/st/stm32cubeide_1.7.0/stm32cubeide/plugins/com.st.stm32cube.ide.mcu.externaltools.gnu-tools-for-stm32.9-2020-q2-update.win32_2.0.0.202105311346/tools/bin/../lib/gcc/arm-none-eabi/9.3.1/thumb/v7-m/nofp/crtbegin.o
                0x0000000020000024                . = ALIGN (0x4)

.bss            0x0000000020000024      0x9c4 load address 0x00000000080024a4
                0x0000000020000024                _sbss = .
                0x0000000020000024                __bss_start__ = _sbss
 *(.bss)
 .bss           0x0000000020000024       0x1c f:/st/stm32cubeide_1.7.0/stm32cubeide/plugins/com.st.stm32cube.ide.mcu.externaltools.gnu-tools-for-stm32.9-2020-q2-update.win32_2.0.0.202105311346/tools/bin/../lib/gcc/arm-none-eabi/9.3.1/thumb/v7-m/nofp/crtbegin.o
 *(.bss*)
 .bss.CardType  0x0000000020000040        0x1 ./FATFS/Target/user_diskio_spi.o
 *fill*         0x0000000020000041        0x3 
 .bss.disk      0x0000000020000044        0xc ./Middlewares/Third_Party/FatFs/src/ff_gen_drv.o
                0x0000000020000044                disk
 *(COMMON)
 COMMON         0x0000000020000050      0x528 ./Core/Src/main.o
                0x0000000020000050                FatFs
                0x0000000020000280                free_sectors
                0x0000000020000284                text
                0x00000000200002e8                hspi1
                0x0000000020000340                fres
                0x0000000020000344                fil
                0x0000000020000570                free_clusters
                0x0000000020000574                total_sectors
 COMMON         0x0000000020000578        0x4 ./Drivers/STM32F1xx_HAL_Driver/Src/stm32f1xx_hal.o
                0x0000000020000578                uwTick
 COMMON         0x000000002000057c      0x464 ./FATFS/App/fatfs.o
                0x000000002000057c                USERPath
                0x0000000020000580                retUSER
                0x0000000020000584                USERFile
                0x00000000200007b0                USERFatFS
 COMMON         0x00000000200009e0        0x8 ./FATFS/Target/user_diskio_spi.o
                0x00000000200009e0                spiTimerTickStart
                0x00000000200009e4                spiTimerTickDelay
                0x00000000200009e8                . = ALIGN (0x4)
                0x00000000200009e8                _ebss = .
                0x00000000200009e8                __bss_end__ = _ebss

._user_heap_stack
                0x00000000200009e8      0x600 load address 0x00000000080024a4
                0x00000000200009e8                . = ALIGN (0x8)
                [!provide]                        PROVIDE (end = .)
                0x00000000200009e8                PROVIDE (_end = .)
                0x0000000020000be8                . = (. + _Min_Heap_Size)
 *fill*         0x00000000200009e8      0x200 
                0x0000000020000fe8                . = (. + _Min_Stack_Size)
 *fill*         0x0000000020000be8      0x400 
                0x0000000020000fe8                . = ALIGN (0x8)

/DISCARD/
 libc.a(*)
 libm.a(*)
 libgcc.a(*)

.ARM.attributes
                0x0000000000000000       0x29
 *(.ARM.attributes)
 .ARM.attributes
                0x0000000000000000       0x1d f:/st/stm32cubeide_1.7.0/stm32cubeide/plugins/com.st.stm32cube.ide.mcu.externaltools.gnu-tools-for-stm32.9-2020-q2-update.win32_2.0.0.202105311346/tools/bin/../lib/gcc/arm-none-eabi/9.3.1/thumb/v7-m/nofp/crti.o
 .ARM.attributes
                0x000000000000001d       0x2d f:/st/stm32cubeide_1.7.0/stm32cubeide/plugins/com.st.stm32cube.ide.mcu.externaltools.gnu-tools-for-stm32.9-2020-q2-update.win32_2.0.0.202105311346/tools/bin/../lib/gcc/arm-none-eabi/9.3.1/thumb/v7-m/nofp/crtbegin.o
 .ARM.attributes
                0x000000000000004a       0x2d ./Core/Src/main.o
 .ARM.attributes
                0x0000000000000077       0x2d ./Core/Src/stm32f1xx_hal_msp.o
 .ARM.attributes
                0x00000000000000a4       0x2d ./Core/Src/stm32f1xx_it.o
 .ARM.attributes
                0x00000000000000d1       0x2d ./Core/Src/system_stm32f1xx.o
 .ARM.attributes
                0x00000000000000fe       0x21 ./Core/Startup/startup_stm32f103retx.o
 .ARM.attributes
                0x000000000000011f       0x2d ./Drivers/STM32F1xx_HAL_Driver/Src/stm32f1xx_hal.o
 .ARM.attributes
                0x000000000000014c       0x2d ./Drivers/STM32F1xx_HAL_Driver/Src/stm32f1xx_hal_cortex.o
 .ARM.attributes
                0x0000000000000179       0x2d ./Drivers/STM32F1xx_HAL_Driver/Src/stm32f1xx_hal_gpio.o
 .ARM.attributes
                0x00000000000001a6       0x2d ./Drivers/STM32F1xx_HAL_Driver/Src/stm32f1xx_hal_rcc.o
 .ARM.attributes
                0x00000000000001d3       0x2d ./Drivers/STM32F1xx_HAL_Driver/Src/stm32f1xx_hal_spi.o
 .ARM.attributes
                0x0000000000000200       0x2d ./FATFS/App/fatfs.o
 .ARM.attributes
                0x000000000000022d       0x2d ./FATFS/Target/user_diskio.o
 .ARM.attributes
                0x000000000000025a       0x2d ./FATFS/Target/user_diskio_spi.o
 .ARM.attributes
                0x0000000000000287       0x2d ./Middlewares/Third_Party/FatFs/src/ff_gen_drv.o
 .ARM.attributes
                0x00000000000002b4       0x2d f:/st/stm32cubeide_1.7.0/stm32cubeide/plugins/com.st.stm32cube.ide.mcu.externaltools.gnu-tools-for-stm32.9-2020-q2-update.win32_2.0.0.202105311346/tools/bin/../lib/gcc/arm-none-eabi/9.3.1/../../../../arm-none-eabi/lib/thumb/v7-m/nofp\libc_nano.a(lib_a-init.o)
 .ARM.attributes
                0x00000000000002e1       0x2d f:/st/stm32cubeide_1.7.0/stm32cubeide/plugins/com.st.stm32cube.ide.mcu.externaltools.gnu-tools-for-stm32.9-2020-q2-update.win32_2.0.0.202105311346/tools/bin/../lib/gcc/arm-none-eabi/9.3.1/../../../../arm-none-eabi/lib/thumb/v7-m/nofp\libc_nano.a(lib_a-memset.o)
 .ARM.attributes
                0x000000000000030e       0x1d f:/st/stm32cubeide_1.7.0/stm32cubeide/plugins/com.st.stm32cube.ide.mcu.externaltools.gnu-tools-for-stm32.9-2020-q2-update.win32_2.0.0.202105311346/tools/bin/../lib/gcc/arm-none-eabi/9.3.1/thumb/v7-m/nofp/crtn.o
OUTPUT(Spi_sdcard.elf elf32-littlearm)
LOAD linker stubs
LOAD f:/st/stm32cubeide_1.7.0/stm32cubeide/plugins/com.st.stm32cube.ide.mcu.externaltools.gnu-tools-for-stm32.9-2020-q2-update.win32_2.0.0.202105311346/tools/bin/../lib/gcc/arm-none-eabi/9.3.1/../../../../arm-none-eabi/lib/thumb/v7-m/nofp\libc.a
LOAD f:/st/stm32cubeide_1.7.0/stm32cubeide/plugins/com.st.stm32cube.ide.mcu.externaltools.gnu-tools-for-stm32.9-2020-q2-update.win32_2.0.0.202105311346/tools/bin/../lib/gcc/arm-none-eabi/9.3.1/../../../../arm-none-eabi/lib/thumb/v7-m/nofp\libm.a
LOAD f:/st/stm32cubeide_1.7.0/stm32cubeide/plugins/com.st.stm32cube.ide.mcu.externaltools.gnu-tools-for-stm32.9-2020-q2-update.win32_2.0.0.202105311346/tools/bin/../lib/gcc/arm-none-eabi/9.3.1/thumb/v7-m/nofp\libgcc.a

.debug_info     0x0000000000000000     0x97c7
 .debug_info    0x0000000000000000     0x17d7 ./Core/Src/main.o
 .debug_info    0x00000000000017d7      0x939 ./Core/Src/stm32f1xx_hal_msp.o
 .debug_info    0x0000000000002110      0x704 ./Core/Src/stm32f1xx_it.o
 .debug_info    0x0000000000002814      0x2be ./Core/Src/system_stm32f1xx.o
 .debug_info    0x0000000000002ad2       0x22 ./Core/Startup/startup_stm32f103retx.o
 .debug_info    0x0000000000002af4      0x7d0 ./Drivers/STM32F1xx_HAL_Driver/Src/stm32f1xx_hal.o
 .debug_info    0x00000000000032c4      0xc42 ./Drivers/STM32F1xx_HAL_Driver/Src/stm32f1xx_hal_cortex.o
 .debug_info    0x0000000000003f06      0x701 ./Drivers/STM32F1xx_HAL_Driver/Src/stm32f1xx_hal_gpio.o
 .debug_info    0x0000000000004607      0x88e ./Drivers/STM32F1xx_HAL_Driver/Src/stm32f1xx_hal_rcc.o
 .debug_info    0x0000000000004e95     0x16cd ./Drivers/STM32F1xx_HAL_Driver/Src/stm32f1xx_hal_spi.o
 .debug_info    0x0000000000006562      0xac8 ./FATFS/App/fatfs.o
 .debug_info    0x000000000000702a     0x11be ./FATFS/Target/user_diskio.o
 .debug_info    0x00000000000081e8      0xc6a ./FATFS/Target/user_diskio_spi.o
 .debug_info    0x0000000000008e52      0x975 ./Middlewares/Third_Party/FatFs/src/ff_gen_drv.o

.debug_abbrev   0x0000000000000000     0x1c5e
 .debug_abbrev  0x0000000000000000      0x304 ./Core/Src/main.o
 .debug_abbrev  0x0000000000000304      0x1ac ./Core/Src/stm32f1xx_hal_msp.o
 .debug_abbrev  0x00000000000004b0      0x174 ./Core/Src/stm32f1xx_it.o
 .debug_abbrev  0x0000000000000624      0x14e ./Core/Src/system_stm32f1xx.o
 .debug_abbrev  0x0000000000000772       0x12 ./Core/Startup/startup_stm32f103retx.o
 .debug_abbrev  0x0000000000000784      0x1ed ./Drivers/STM32F1xx_HAL_Driver/Src/stm32f1xx_hal.o
 .debug_abbrev  0x0000000000000971      0x313 ./Drivers/STM32F1xx_HAL_Driver/Src/stm32f1xx_hal_cortex.o
 .debug_abbrev  0x0000000000000c84      0x1e8 ./Drivers/STM32F1xx_HAL_Driver/Src/stm32f1xx_hal_gpio.o
 .debug_abbrev  0x0000000000000e6c      0x273 ./Drivers/STM32F1xx_HAL_Driver/Src/stm32f1xx_hal_rcc.o
 .debug_abbrev  0x00000000000010df      0x26e ./Drivers/STM32F1xx_HAL_Driver/Src/stm32f1xx_hal_spi.o
 .debug_abbrev  0x000000000000134d      0x1f7 ./FATFS/App/fatfs.o
 .debug_abbrev  0x0000000000001544      0x22c ./FATFS/Target/user_diskio.o
 .debug_abbrev  0x0000000000001770      0x2d8 ./FATFS/Target/user_diskio_spi.o
 .debug_abbrev  0x0000000000001a48      0x216 ./Middlewares/Third_Party/FatFs/src/ff_gen_drv.o

.debug_aranges  0x0000000000000000      0x6f8
 .debug_aranges
                0x0000000000000000       0x40 ./Core/Src/main.o
 .debug_aranges
                0x0000000000000040       0x30 ./Core/Src/stm32f1xx_hal_msp.o
 .debug_aranges
                0x0000000000000070       0x60 ./Core/Src/stm32f1xx_it.o
 .debug_aranges
                0x00000000000000d0       0x28 ./Core/Src/system_stm32f1xx.o
 .debug_aranges
                0x00000000000000f8       0x28 ./Core/Startup/startup_stm32f103retx.o
 .debug_aranges
                0x0000000000000120       0xe0 ./Drivers/STM32F1xx_HAL_Driver/Src/stm32f1xx_hal.o
 .debug_aranges
                0x0000000000000200      0x100 ./Drivers/STM32F1xx_HAL_Driver/Src/stm32f1xx_hal_cortex.o
 .debug_aranges
                0x0000000000000300       0x58 ./Drivers/STM32F1xx_HAL_Driver/Src/stm32f1xx_hal_gpio.o
 .debug_aranges
                0x0000000000000358       0x90 ./Drivers/STM32F1xx_HAL_Driver/Src/stm32f1xx_hal_rcc.o
 .debug_aranges
                0x00000000000003e8      0x1d0 ./Drivers/STM32F1xx_HAL_Driver/Src/stm32f1xx_hal_spi.o
 .debug_aranges
                0x00000000000005b8       0x28 ./FATFS/App/fatfs.o
 .debug_aranges
                0x00000000000005e0       0x40 ./FATFS/Target/user_diskio.o
 .debug_aranges
                0x0000000000000620       0x98 ./FATFS/Target/user_diskio_spi.o
 .debug_aranges
                0x00000000000006b8       0x40 ./Middlewares/Third_Party/FatFs/src/ff_gen_drv.o

.debug_ranges   0x0000000000000000      0x620
 .debug_ranges  0x0000000000000000       0x30 ./Core/Src/main.o
 .debug_ranges  0x0000000000000030       0x20 ./Core/Src/stm32f1xx_hal_msp.o
 .debug_ranges  0x0000000000000050       0x50 ./Core/Src/stm32f1xx_it.o
 .debug_ranges  0x00000000000000a0       0x18 ./Core/Src/system_stm32f1xx.o
 .debug_ranges  0x00000000000000b8       0x20 ./Core/Startup/startup_stm32f103retx.o
 .debug_ranges  0x00000000000000d8       0xd0 ./Drivers/STM32F1xx_HAL_Driver/Src/stm32f1xx_hal.o
 .debug_ranges  0x00000000000001a8       0xf0 ./Drivers/STM32F1xx_HAL_Driver/Src/stm32f1xx_hal_cortex.o
 .debug_ranges  0x0000000000000298       0x48 ./Drivers/STM32F1xx_HAL_Driver/Src/stm32f1xx_hal_gpio.o
 .debug_ranges  0x00000000000002e0       0x80 ./Drivers/STM32F1xx_HAL_Driver/Src/stm32f1xx_hal_rcc.o
 .debug_ranges  0x0000000000000360      0x1c0 ./Drivers/STM32F1xx_HAL_Driver/Src/stm32f1xx_hal_spi.o
 .debug_ranges  0x0000000000000520       0x18 ./FATFS/App/fatfs.o
 .debug_ranges  0x0000000000000538       0x30 ./FATFS/Target/user_diskio.o
 .debug_ranges  0x0000000000000568       0x88 ./FATFS/Target/user_diskio_spi.o
 .debug_ranges  0x00000000000005f0       0x30 ./Middlewares/Third_Party/FatFs/src/ff_gen_drv.o

.debug_macro    0x0000000000000000    0x19327
 .debug_macro   0x0000000000000000      0x2b8 ./Core/Src/main.o
 .debug_macro   0x00000000000002b8      0xa9c ./Core/Src/main.o
 .debug_macro   0x0000000000000d54      0x215 ./Core/Src/main.o
 .debug_macro   0x0000000000000f69       0x2e ./Core/Src/main.o
 .debug_macro   0x0000000000000f97       0x22 ./Core/Src/main.o
 .debug_macro   0x0000000000000fb9       0x22 ./Core/Src/main.o
 .debug_macro   0x0000000000000fdb       0x8e ./Core/Src/main.o
 .debug_macro   0x0000000000001069       0x51 ./Core/Src/main.o
 .debug_macro   0x00000000000010ba      0x103 ./Core/Src/main.o
 .debug_macro   0x00000000000011bd       0x6a ./Core/Src/main.o
 .debug_macro   0x0000000000001227      0x1df ./Core/Src/main.o
 .debug_macro   0x0000000000001406       0x1c ./Core/Src/main.o
 .debug_macro   0x0000000000001422       0x22 ./Core/Src/main.o
 .debug_macro   0x0000000000001444       0xc3 ./Core/Src/main.o
 .debug_macro   0x0000000000001507      0xd23 ./Core/Src/main.o
 .debug_macro   0x000000000000222a     0xfd8c ./Core/Src/main.o
 .debug_macro   0x0000000000011fb6       0x6d ./Core/Src/main.o
 .debug_macro   0x0000000000012023     0x3468 ./Core/Src/main.o
 .debug_macro   0x000000000001548b      0x174 ./Core/Src/main.o
 .debug_macro   0x00000000000155ff       0x5c ./Core/Src/main.o
 .debug_macro   0x000000000001565b      0x5be ./Core/Src/main.o
 .debug_macro   0x0000000000015c19      0x4d5 ./Core/Src/main.o
 .debug_macro   0x00000000000160ee      0x1cb ./Core/Src/main.o
 .debug_macro   0x00000000000162b9      0x114 ./Core/Src/main.o
 .debug_macro   0x00000000000163cd      0x1ea ./Core/Src/main.o
 .debug_macro   0x00000000000165b7       0x27 ./Core/Src/main.o
 .debug_macro   0x00000000000165de      0x144 ./Core/Src/main.o
 .debug_macro   0x0000000000016722      0x1bc ./Core/Src/main.o
 .debug_macro   0x00000000000168de       0x30 ./Core/Src/main.o
 .debug_macro   0x000000000001690e       0x3c ./Core/Src/main.o
 .debug_macro   0x000000000001694a       0x57 ./Core/Src/main.o
 .debug_macro   0x00000000000169a1       0x88 ./Core/Src/main.o
 .debug_macro   0x0000000000016a29      0x24f ./Core/Src/main.o
 .debug_macro   0x0000000000016c78      0x141 ./Core/Src/main.o
 .debug_macro   0x0000000000016db9      0x217 ./Core/Src/main.o
 .debug_macro   0x0000000000016fd0       0xb5 ./Core/Src/main.o
 .debug_macro   0x0000000000017085       0x22 ./Core/Src/main.o
 .debug_macro   0x00000000000170a7       0xde ./Core/Src/main.o
 .debug_macro   0x0000000000017185       0xf5 ./Core/Src/main.o
 .debug_macro   0x000000000001727a       0x8e ./Core/Src/main.o
 .debug_macro   0x0000000000017308       0x52 ./Core/Src/main.o
 .debug_macro   0x000000000001735a       0x18 ./Core/Src/main.o
 .debug_macro   0x0000000000017372       0x3c ./Core/Src/main.o
 .debug_macro   0x00000000000173ae       0x34 ./Core/Src/main.o
 .debug_macro   0x00000000000173e2       0x16 ./Core/Src/main.o
 .debug_macro   0x00000000000173f8       0x43 ./Core/Src/main.o
 .debug_macro   0x000000000001743b       0x34 ./Core/Src/main.o
 .debug_macro   0x000000000001746f       0x10 ./Core/Src/main.o
 .debug_macro   0x000000000001747f       0x58 ./Core/Src/main.o
 .debug_macro   0x00000000000174d7       0x71 ./Core/Src/main.o
 .debug_macro   0x0000000000017548       0x1c ./Core/Src/main.o
 .debug_macro   0x0000000000017564      0x12a ./Core/Src/main.o
 .debug_macro   0x000000000001768e      0x333 ./Core/Src/main.o
 .debug_macro   0x00000000000179c1       0x10 ./Core/Src/main.o
 .debug_macro   0x00000000000179d1       0x35 ./Core/Src/main.o
 .debug_macro   0x0000000000017a06       0x20 ./Core/Src/main.o
 .debug_macro   0x0000000000017a26      0x19d ./Core/Src/stm32f1xx_hal_msp.o
 .debug_macro   0x0000000000017bc3      0x1a7 ./Core/Src/stm32f1xx_it.o
 .debug_macro   0x0000000000017d6a      0x18e ./Core/Src/system_stm32f1xx.o
 .debug_macro   0x0000000000017ef8      0x1b2 ./Drivers/STM32F1xx_HAL_Driver/Src/stm32f1xx_hal.o
 .debug_macro   0x00000000000180aa      0x18e ./Drivers/STM32F1xx_HAL_Driver/Src/stm32f1xx_hal_cortex.o
 .debug_macro   0x0000000000018238      0x1f9 ./Drivers/STM32F1xx_HAL_Driver/Src/stm32f1xx_hal_gpio.o
 .debug_macro   0x0000000000018431      0x1a0 ./Drivers/STM32F1xx_HAL_Driver/Src/stm32f1xx_hal_rcc.o
 .debug_macro   0x00000000000185d1      0x196 ./Drivers/STM32F1xx_HAL_Driver/Src/stm32f1xx_hal_spi.o
 .debug_macro   0x0000000000018767      0x1f0 ./FATFS/App/fatfs.o
 .debug_macro   0x0000000000018957       0xd8 ./FATFS/App/fatfs.o
 .debug_macro   0x0000000000018a2f      0x2b7 ./FATFS/Target/user_diskio.o
 .debug_macro   0x0000000000018ce6       0x16 ./FATFS/Target/user_diskio.o
 .debug_macro   0x0000000000018cfc       0x7c ./FATFS/Target/user_diskio.o
 .debug_macro   0x0000000000018d78       0xbd ./FATFS/Target/user_diskio.o
 .debug_macro   0x0000000000018e35       0x56 ./FATFS/Target/user_diskio.o
 .debug_macro   0x0000000000018e8b      0x297 ./FATFS/Target/user_diskio_spi.o
 .debug_macro   0x0000000000019122       0x28 ./FATFS/Target/user_diskio_spi.o
 .debug_macro   0x000000000001914a      0x1dd ./Middlewares/Third_Party/FatFs/src/ff_gen_drv.o

.debug_line     0x0000000000000000     0x88bc
 .debug_line    0x0000000000000000      0x926 ./Core/Src/main.o
 .debug_line    0x0000000000000926      0x69f ./Core/Src/stm32f1xx_hal_msp.o
 .debug_line    0x0000000000000fc5      0x70d ./Core/Src/stm32f1xx_it.o
 .debug_line    0x00000000000016d2      0x6c9 ./Core/Src/system_stm32f1xx.o
 .debug_line    0x0000000000001d9b       0x87 ./Core/Startup/startup_stm32f103retx.o
 .debug_line    0x0000000000001e22      0x8f6 ./Drivers/STM32F1xx_HAL_Driver/Src/stm32f1xx_hal.o
 .debug_line    0x0000000000002718      0xade ./Drivers/STM32F1xx_HAL_Driver/Src/stm32f1xx_hal_cortex.o
 .debug_line    0x00000000000031f6      0x9b5 ./Drivers/STM32F1xx_HAL_Driver/Src/stm32f1xx_hal_gpio.o
 .debug_line    0x0000000000003bab      0xd04 ./Drivers/STM32F1xx_HAL_Driver/Src/stm32f1xx_hal_rcc.o
 .debug_line    0x00000000000048af     0x1b7b ./Drivers/STM32F1xx_HAL_Driver/Src/stm32f1xx_hal_spi.o
 .debug_line    0x000000000000642a      0x6e6 ./FATFS/App/fatfs.o
 .debug_line    0x0000000000006b10      0x87f ./FATFS/Target/user_diskio.o
 .debug_line    0x000000000000738f      0xdb9 ./FATFS/Target/user_diskio_spi.o
 .debug_line    0x0000000000008148      0x774 ./Middlewares/Third_Party/FatFs/src/ff_gen_drv.o

.debug_str      0x0000000000000000    0x8fc4b
 .debug_str     0x0000000000000000    0x8e136 ./Core/Src/main.o
                                      0x8e635 (size before relaxing)
 .debug_str     0x000000000008e136       0x81 ./Core/Src/stm32f1xx_hal_msp.o
                                      0x8a883 (size before relaxing)
 .debug_str     0x000000000008e1b7       0xbd ./Core/Src/stm32f1xx_it.o
                                      0x8a836 (size before relaxing)
 .debug_str     0x000000000008e274       0x52 ./Core/Src/system_stm32f1xx.o
                                      0x8a3d3 (size before relaxing)
 .debug_str     0x000000000008e2c6       0x36 ./Core/Startup/startup_stm32f103retx.o
                                         0x77 (size before relaxing)
 .debug_str     0x000000000008e2fc      0x5f6 ./Drivers/STM32F1xx_HAL_Driver/Src/stm32f1xx_hal.o
                                      0x8ab48 (size before relaxing)
 .debug_str     0x000000000008e8f2      0x300 ./Drivers/STM32F1xx_HAL_Driver/Src/stm32f1xx_hal_cortex.o
                                      0x8ab50 (size before relaxing)
 .debug_str     0x000000000008ebf2      0x324 ./Drivers/STM32F1xx_HAL_Driver/Src/stm32f1xx_hal_gpio.o
                                      0x8a797 (size before relaxing)
 .debug_str     0x000000000008ef16      0x24f ./Drivers/STM32F1xx_HAL_Driver/Src/stm32f1xx_hal_rcc.o
                                      0x8a7d0 (size before relaxing)
 .debug_str     0x000000000008f165      0x54e ./Drivers/STM32F1xx_HAL_Driver/Src/stm32f1xx_hal_spi.o
                                      0x8ace5 (size before relaxing)
 .debug_str     0x000000000008f6b3       0x2f ./FATFS/App/fatfs.o
                                      0x8b0c1 (size before relaxing)
 .debug_str     0x000000000008f6e2       0x97 ./FATFS/Target/user_diskio.o
                                      0x8e221 (size before relaxing)
 .debug_str     0x000000000008f779      0x407 ./FATFS/Target/user_diskio_spi.o
                                      0x8b3b0 (size before relaxing)
 .debug_str     0x000000000008fb80       0xcb ./Middlewares/Third_Party/FatFs/src/ff_gen_drv.o
                                      0x8b04f (size before relaxing)

.comment        0x0000000000000000       0x53
 .comment       0x0000000000000000       0x53 ./Core/Src/main.o
                                         0x54 (size before relaxing)
 .comment       0x0000000000000053       0x54 ./Core/Src/stm32f1xx_hal_msp.o
 .comment       0x0000000000000053       0x54 ./Core/Src/stm32f1xx_it.o
 .comment       0x0000000000000053       0x54 ./Core/Src/system_stm32f1xx.o
 .comment       0x0000000000000053       0x54 ./Drivers/STM32F1xx_HAL_Driver/Src/stm32f1xx_hal.o
 .comment       0x0000000000000053       0x54 ./Drivers/STM32F1xx_HAL_Driver/Src/stm32f1xx_hal_cortex.o
 .comment       0x0000000000000053       0x54 ./Drivers/STM32F1xx_HAL_Driver/Src/stm32f1xx_hal_gpio.o
 .comment       0x0000000000000053       0x54 ./Drivers/STM32F1xx_HAL_Driver/Src/stm32f1xx_hal_rcc.o
 .comment       0x0000000000000053       0x54 ./Drivers/STM32F1xx_HAL_Driver/Src/stm32f1xx_hal_spi.o
 .comment       0x0000000000000053       0x54 ./FATFS/App/fatfs.o
 .comment       0x0000000000000053       0x54 ./FATFS/Target/user_diskio.o
 .comment       0x0000000000000053       0x54 ./FATFS/Target/user_diskio_spi.o
 .comment       0x0000000000000053       0x54 ./Middlewares/Third_Party/FatFs/src/ff_gen_drv.o

.debug_frame    0x0000000000000000     0x19d8
 .debug_frame   0x0000000000000000       0xa8 ./Core/Src/main.o
 .debug_frame   0x00000000000000a8       0x80 ./Core/Src/stm32f1xx_hal_msp.o
 .debug_frame   0x0000000000000128      0x104 ./Core/Src/stm32f1xx_it.o
 .debug_frame   0x000000000000022c       0x58 ./Core/Src/system_stm32f1xx.o
 .debug_frame   0x0000000000000284      0x334 ./Drivers/STM32F1xx_HAL_Driver/Src/stm32f1xx_hal.o
 .debug_frame   0x00000000000005b8      0x428 ./Drivers/STM32F1xx_HAL_Driver/Src/stm32f1xx_hal_cortex.o
 .debug_frame   0x00000000000009e0      0x14c ./Drivers/STM32F1xx_HAL_Driver/Src/stm32f1xx_hal_gpio.o
 .debug_frame   0x0000000000000b2c      0x21c ./Drivers/STM32F1xx_HAL_Driver/Src/stm32f1xx_hal_rcc.o
 .debug_frame   0x0000000000000d48      0x824 ./Drivers/STM32F1xx_HAL_Driver/Src/stm32f1xx_hal_spi.o
 .debug_frame   0x000000000000156c       0x4c ./FATFS/App/fatfs.o
 .debug_frame   0x00000000000015b8       0xc4 ./FATFS/Target/user_diskio.o
 .debug_frame   0x000000000000167c      0x248 ./FATFS/Target/user_diskio_spi.o
 .debug_frame   0x00000000000018c4       0xc8 ./Middlewares/Third_Party/FatFs/src/ff_gen_drv.o
 .debug_frame   0x000000000000198c       0x2c f:/st/stm32cubeide_1.7.0/stm32cubeide/plugins/com.st.stm32cube.ide.mcu.externaltools.gnu-tools-for-stm32.9-2020-q2-update.win32_2.0.0.202105311346/tools/bin/../lib/gcc/arm-none-eabi/9.3.1/../../../../arm-none-eabi/lib/thumb/v7-m/nofp\libc_nano.a(lib_a-init.o)
 .debug_frame   0x00000000000019b8       0x20 f:/st/stm32cubeide_1.7.0/stm32cubeide/plugins/com.st.stm32cube.ide.mcu.externaltools.gnu-tools-for-stm32.9-2020-q2-update.win32_2.0.0.202105311346/tools/bin/../lib/gcc/arm-none-eabi/9.3.1/../../../../arm-none-eabi/lib/thumb/v7-m/nofp\libc_nano.a(lib_a-memset.o)
